<?xml version="1.0" encoding="UTF-8"?>
<TestRun id="b137101f-5395-4db3-9e30-3bbb0aa7deca" name="lelmer@PIN1262035 2011-10-31 14:33:22" runUser="HSR\lelmer" xmlns="http://microsoft.com/schemas/VisualStudio/TeamTest/2010">
  <TestSettings name="Local" id="ecb0bfb1-6f24-4efe-acbf-86949a26cdb9">
    <Description>These are default test settings for a local test run.</Description>
    <Deployment enabled="false" runDeploymentRoot="lelmer_PIN1262035 2011-10-31 14_33_22">
      <DeploymentItem filename="D:\flip_svn.elmermx.ch\code\trunk\ProjectFlip\ProjectFlip.PdfConverter.Interfaces\bin\Debug\ProjectFlip.Converter.Interfaces.dll" />
      <DeploymentItem filename="D:\flip_svn.elmermx.ch\code\trunk\ProjectFlip\ProjectFlip.Services.Interfaces\bin\Debug\ProjectFlip.Services.Interfaces.dll" />
      <DeploymentItem filename="D:\flip_svn.elmermx.ch\code\trunk\ProjectFlip\PDFConverter\bin\Debug\ProjectFlip.Converter.Pdf.exe" />
      <DeploymentItem filename="D:\flip_svn.elmermx.ch\code\trunk\ProjectFlip\ProjectFlip.Services.Test\bin\Debug\ProjectFlip.Services_Accessor.dll" />
    </Deployment>
    <Execution>
      <TestTypeSpecific />
      <AgentRule name="Execution Agents">
      </AgentRule>
    </Execution>
  </TestSettings>
  <Times creation="2011-10-31T14:33:22.9195479+01:00" queuing="2011-10-31T14:33:22.9505479+01:00" start="2011-10-31T14:33:22.9545479+01:00" finish="2011-10-31T14:33:53.2087479+01:00" />
  <ResultSummary outcome="Failed">
    <Counters total="1" executed="1" error="0" failed="1" timeout="0" aborted="0" inconclusive="0" passedButRunAborted="0" notRunnable="0" notExecuted="0" disconnected="0" warning="0" passed="0" completed="0" inProgress="0" pending="0" />
  </ResultSummary>
  <TestDefinitions>
    <UnitTest name="ConvertTest" storage="d:\flip_svn.elmermx.ch\code\trunk\projectflip\projectflip.converter.test\bin\debug\projectflip.converter.test.dll" id="8c85b860-6c45-6157-2e8f-677947c1314f">
      <Execution id="d454fb82-230d-41b2-8ac6-39e8b33f3f8d" />
      <TestMethod codeBase="D:/flip_svn.elmermx.ch/code/trunk/ProjectFlip/ProjectFlip.Converter.Test/bin/Debug/ProjectFlip.Converter.Test.DLL" adapterTypeName="Microsoft.VisualStudio.TestTools.TestTypes.Unit.UnitTestAdapter, Microsoft.VisualStudio.QualityTools.Tips.UnitTest.Adapter, Version=10.0.0.0, Culture=neutral, PublicKeyToken=b03f5f7f11d50a3a" className="ProjectFlip.Converter.Test.PdfConverterTest, ProjectFlip.Converter.Test, Version=1.0.0.0, Culture=neutral, PublicKeyToken=null" name="ConvertTest" />
    </UnitTest>
  </TestDefinitions>
  <TestLists>
    <TestList name="Results Not in a List" id="8c84fa94-04c1-424b-9868-57a2d4851a1d" />
    <TestList name="All Loaded Results" id="19431567-8539-422a-85d7-44ee4e166bda" />
  </TestLists>
  <TestEntries>
    <TestEntry testId="8c85b860-6c45-6157-2e8f-677947c1314f" executionId="d454fb82-230d-41b2-8ac6-39e8b33f3f8d" testListId="8c84fa94-04c1-424b-9868-57a2d4851a1d" />
  </TestEntries>
  <Results>
    <UnitTestResult executionId="d454fb82-230d-41b2-8ac6-39e8b33f3f8d" testId="8c85b860-6c45-6157-2e8f-677947c1314f" testName="ConvertTest" computerName="PIN1262035" duration="00:00:30.0628700" startTime="2011-10-31T14:33:22.9585479+01:00" endTime="2011-10-31T14:33:53.1957479+01:00" testType="13cdc9d9-ddb5-4fa4-a97d-d965ccfc6d4b" outcome="Failed" testListId="8c84fa94-04c1-424b-9868-57a2d4851a1d" relativeResultsDirectory="d454fb82-230d-41b2-8ac6-39e8b33f3f8d">
      <Output>
        <StdOut>Executing 'C:\Program Files (x86)\Adobe\Reader 10.0\Reader\AcroRd32.exe /N /T ..\..\..\Resources\Test\Pdf\test.pdf "Microsoft XPS Document Writer" /t "..\..\..\Resources\Test\Xps\temp.xps"
XPS could not be generated: Timeout!</StdOut>
        <ErrorInfo>
          <Message>Assert.IsTrue failed. </Message>
          <StackTrace>   at ProjectFlip.Converter.Test.PdfConverterTest.ConvertTest() in D:\flip_svn.elmermx.ch\code\trunk\ProjectFlip\ProjectFlip.Converter.Test\PdfConverterTest.cs:line 123
</StackTrace>
        </ErrorInfo>
      </Output>
    </UnitTestResult>
  </Results>
</TestRun>