<?xml version="1.0" encoding="UTF-8"?>
<TestRun id="c537f0a8-06af-4c9b-a4fb-304babff128f" name="lelmer@PIN1262035 2011-10-31 14:46:34" runUser="HSR\lelmer" xmlns="http://microsoft.com/schemas/VisualStudio/TeamTest/2010">
  <TestSettings name="Local" id="ecb0bfb1-6f24-4efe-acbf-86949a26cdb9">
    <Description>These are default test settings for a local test run.</Description>
    <Deployment enabled="false" runDeploymentRoot="lelmer_PIN1262035 2011-10-31 14_46_34">
      <DeploymentItem filename="D:\flip_svn.elmermx.ch\code\trunk\ProjectFlip\ProjectFlip.Services.Test\bin\Debug\ProjectFlip.Services_Accessor.dll" />
      <DeploymentItem filename="D:\flip_svn.elmermx.ch\code\trunk\ProjectFlip\PDFConverter\bin\Debug\ProjectFlip.Converter.Pdf.exe" />
      <DeploymentItem filename="D:\flip_svn.elmermx.ch\code\trunk\ProjectFlip\ProjectFlip.PdfConverter.Interfaces\bin\Debug\ProjectFlip.Converter.Interfaces.dll" />
      <DeploymentItem filename="D:\flip_svn.elmermx.ch\code\trunk\ProjectFlip\ProjectFlip.Services.Interfaces\bin\Debug\ProjectFlip.Services.Interfaces.dll" />
      <DeploymentItem filename="D:\flip_svn.elmermx.ch\code\trunk\ProjectFlip\ProjectFlip.Services.Loader.Interfaces\bin\Debug\ProjectFlip.Services.Loader.Interfaces.dll" />
      <DeploymentItem filename="D:\flip_svn.elmermx.ch\code\trunk\ProjectFlip\Libraries\Unity\Microsoft.Practices.Unity.dll" />
      <DeploymentItem filename="D:\flip_svn.elmermx.ch\code\trunk\ProjectFlip\ProjectFlip.Importer\bin\Debug\ProjectFlip.Services.Loader.exe" />
      <DeploymentItem filename="D:\flip_svn.elmermx.ch\code\trunk\ProjectFlip\ProjectFlip.Services\bin\Debug\ProjectFlip.Services.dll" />
      <DeploymentItem filename="D:\flip_svn.elmermx.ch\code\trunk\ProjectFlip\ProjectFlip.UserInterface.Surface\bin\Debug\ProjectFlip.UserInterface.Surface.dll" />
      <DeploymentItem filename="D:\flip_svn.elmermx.ch\code\trunk\ProjectFlip\ProjectFlip.Preparer\bin\Debug\ProjectFlip.Preparer.exe" />
    </Deployment>
    <Execution>
      <TestTypeSpecific />
      <AgentRule name="Execution Agents">
      </AgentRule>
    </Execution>
  </TestSettings>
  <Times creation="2011-10-31T14:46:34.0563562+01:00" queuing="2011-10-31T14:46:34.0883658+01:00" start="2011-10-31T14:46:34.0973685+01:00" finish="2011-10-31T14:46:40.2327537+01:00" />
  <ResultSummary outcome="Inconclusive">
    <Counters total="23" executed="23" passed="22" error="0" failed="0" timeout="0" aborted="0" inconclusive="1" passedButRunAborted="0" notRunnable="0" notExecuted="0" disconnected="0" warning="0" completed="0" inProgress="0" pending="0" />
    <RunInfos>
      <RunInfo computerName="PIN1262035" outcome="Warning" timestamp="2011-10-31T14:46:34.0873655+01:00">
        <Text>Deployment is currently disabled. The deployment item 'ProjectFlip.UserInterface.Surface.dll' on test 'ProjectFlip.UserInterface.Surface.Test.ViewModelBaseTest.NotifyTest' was not deployed.</Text>
      </RunInfo>
      <RunInfo computerName="PIN1262035" outcome="Warning" timestamp="2011-10-31T14:46:34.0873655+01:00">
        <Text>Deployment is currently disabled. The deployment item 'ProjectFlip.Converter.Pdf.exe' on test 'ProjectFlip.Converter.Test.PdfConverterTest.TestRequirementsNotOkTestMissingAdobeReader' was not deployed.</Text>
      </RunInfo>
      <RunInfo computerName="PIN1262035" outcome="Warning" timestamp="2011-10-31T14:46:34.0873655+01:00">
        <Text>Deployment is currently disabled. The deployment item 'ProjectFlip.Preparer.exe' on test 'ProjectFlip.Preparer.Test.ImageExtractorProcessorTest.ExtractImageTest' was not deployed.</Text>
      </RunInfo>
    </RunInfos>
  </ResultSummary>
  <TestDefinitions>
    <UnitTest name="NotifyTest" storage="d:\flip_svn.elmermx.ch\code\trunk\projectflip\projectflip.userinterface.surface.test\bin\debug\projectflip.userinterface.surface.test.dll" id="44822a49-3d3a-3cd9-6a83-bfb87b866eb6">
      <DeploymentItems>
        <DeploymentItem filename="ProjectFlip.UserInterface.Surface.dll" />
      </DeploymentItems>
      <Execution id="c8e529e7-1ce0-402d-bea2-3bd18b1b5e1e" />
      <TestMethod codeBase="D:/flip_svn.elmermx.ch/code/trunk/ProjectFlip/ProjectFlip.UserInterface.Surface.Test/bin/Debug/ProjectFlip.UserInterface.Surface.Test.DLL" adapterTypeName="Microsoft.VisualStudio.TestTools.TestTypes.Unit.UnitTestAdapter, Microsoft.VisualStudio.QualityTools.Tips.UnitTest.Adapter, Version=10.0.0.0, Culture=neutral, PublicKeyToken=b03f5f7f11d50a3a" className="ProjectFlip.UserInterface.Surface.Test.ViewModelBaseTest, ProjectFlip.UserInterface.Surface.Test, Version=1.0.0.0, Culture=neutral, PublicKeyToken=null" name="NotifyTest" />
    </UnitTest>
    <UnitTest name="ProjectNotesServiceConstructorTest" storage="d:\flip_svn.elmermx.ch\code\trunk\projectflip\projectflip.services.test\bin\debug\projectflip.services.test.dll" id="f469cd76-e2f7-4429-bdf6-0adef327876a">
      <Execution id="d74d6a51-e0e5-4fab-9abd-65621097b506" />
      <TestMethod codeBase="D:/flip_svn.elmermx.ch/code/trunk/ProjectFlip/ProjectFlip.Services.Test/bin/Debug/ProjectFlip.Services.Test.DLL" adapterTypeName="Microsoft.VisualStudio.TestTools.TestTypes.Unit.UnitTestAdapter, Microsoft.VisualStudio.QualityTools.Tips.UnitTest.Adapter, Version=10.0.0.0, Culture=neutral, PublicKeyToken=b03f5f7f11d50a3a" className="ProjectFlip.Services.Test.ProjectNotesServiceTest, ProjectFlip.Services.Test, Version=1.0.0.0, Culture=neutral, PublicKeyToken=null" name="ProjectNotesServiceConstructorTest" />
    </UnitTest>
    <UnitTest name="TestRequirementsNotOkTestMissingAdobeReader" storage="d:\flip_svn.elmermx.ch\code\trunk\projectflip\projectflip.converter.test\bin\debug\projectflip.converter.test.dll" id="2e6f33b3-86bf-0f99-bf5a-d8b601872b37">
      <DeploymentItems>
        <DeploymentItem filename="ProjectFlip.Converter.Pdf.exe" />
      </DeploymentItems>
      <Execution id="e8cbeb83-e460-403a-b9e8-fa52a91ef9fa" />
      <TestMethod codeBase="D:/flip_svn.elmermx.ch/code/trunk/ProjectFlip/ProjectFlip.Converter.Test/bin/Debug/ProjectFlip.Converter.Test.DLL" adapterTypeName="Microsoft.VisualStudio.TestTools.TestTypes.Unit.UnitTestAdapter, Microsoft.VisualStudio.QualityTools.Tips.UnitTest.Adapter, Version=10.0.0.0, Culture=neutral, PublicKeyToken=b03f5f7f11d50a3a" className="ProjectFlip.Converter.Test.PdfConverterTest, ProjectFlip.Converter.Test, Version=1.0.0.0, Culture=neutral, PublicKeyToken=null" name="TestRequirementsNotOkTestMissingAdobeReader" />
    </UnitTest>
    <UnitTest name="DetailWindowViewModelConstructorTest" storage="d:\flip_svn.elmermx.ch\code\trunk\projectflip\projectflip.userinterface.surface.test\bin\debug\projectflip.userinterface.surface.test.dll" id="f112c2dd-d63c-72f1-61e9-20d239433f46">
      <Execution id="4e1e4d6d-225e-405d-adfd-7bebf692bdcd" />
      <TestMethod codeBase="D:/flip_svn.elmermx.ch/code/trunk/ProjectFlip/ProjectFlip.UserInterface.Surface.Test/bin/Debug/ProjectFlip.UserInterface.Surface.Test.DLL" adapterTypeName="Microsoft.VisualStudio.TestTools.TestTypes.Unit.UnitTestAdapter, Microsoft.VisualStudio.QualityTools.Tips.UnitTest.Adapter, Version=10.0.0.0, Culture=neutral, PublicKeyToken=b03f5f7f11d50a3a" className="ProjectFlip.UserInterface.Surface.Test.DetailWindowViewModelTest, ProjectFlip.UserInterface.Surface.Test, Version=1.0.0.0, Culture=neutral, PublicKeyToken=null" name="DetailWindowViewModelConstructorTest" />
    </UnitTest>
    <UnitTest name="ConvertTestWithBadRequirements" storage="d:\flip_svn.elmermx.ch\code\trunk\projectflip\projectflip.converter.test\bin\debug\projectflip.converter.test.dll" id="12eea167-bdcb-027e-275b-aa502bc934ed">
      <Execution id="6ec01198-0804-41b3-8195-0b7bfdf5d3ad" />
      <TestMethod codeBase="D:/flip_svn.elmermx.ch/code/trunk/ProjectFlip/ProjectFlip.Converter.Test/bin/Debug/ProjectFlip.Converter.Test.DLL" adapterTypeName="Microsoft.VisualStudio.TestTools.TestTypes.Unit.UnitTestAdapter, Microsoft.VisualStudio.QualityTools.Tips.UnitTest.Adapter, Version=10.0.0.0, Culture=neutral, PublicKeyToken=b03f5f7f11d50a3a" className="ProjectFlip.Converter.Test.PdfConverterTest, ProjectFlip.Converter.Test, Version=1.0.0.0, Culture=neutral, PublicKeyToken=null" name="ConvertTestWithBadRequirements" />
    </UnitTest>
    <UnitTest name="ConvertToListTest" storage="d:\flip_svn.elmermx.ch\code\trunk\projectflip\projectflip.services.test\bin\debug\projectflip.services.test.dll" id="bccb58cc-1cce-162f-54b4-53ddafd79ee2">
      <DeploymentItems>
        <DeploymentItem filename="ProjectFlip.Services.dll" />
      </DeploymentItems>
      <Execution id="6e6e280a-d13c-4d55-89da-640c405bd77e" />
      <TestMethod codeBase="D:/flip_svn.elmermx.ch/code/trunk/ProjectFlip/ProjectFlip.Services.Test/bin/Debug/ProjectFlip.Services.Test.DLL" adapterTypeName="Microsoft.VisualStudio.TestTools.TestTypes.Unit.UnitTestAdapter, Microsoft.VisualStudio.QualityTools.Tips.UnitTest.Adapter, Version=10.0.0.0, Culture=neutral, PublicKeyToken=b03f5f7f11d50a3a" className="ProjectFlip.Services.Test.ProjectNoteTest, ProjectFlip.Services.Test, Version=1.0.0.0, Culture=neutral, PublicKeyToken=null" name="ConvertToListTest" />
    </UnitTest>
    <UnitTest name="TestRequirementsNotOkTestInvalidFromPath" storage="d:\flip_svn.elmermx.ch\code\trunk\projectflip\projectflip.converter.test\bin\debug\projectflip.converter.test.dll" id="5484f47c-5cb6-3432-23b4-9fe66b5390c1">
      <DeploymentItems>
        <DeploymentItem filename="ProjectFlip.Converter.Pdf.exe" />
      </DeploymentItems>
      <Execution id="ec3f9dcc-80d7-4930-b96d-2dc544bf71dd" />
      <TestMethod codeBase="D:/flip_svn.elmermx.ch/code/trunk/ProjectFlip/ProjectFlip.Converter.Test/bin/Debug/ProjectFlip.Converter.Test.DLL" adapterTypeName="Microsoft.VisualStudio.TestTools.TestTypes.Unit.UnitTestAdapter, Microsoft.VisualStudio.QualityTools.Tips.UnitTest.Adapter, Version=10.0.0.0, Culture=neutral, PublicKeyToken=b03f5f7f11d50a3a" className="ProjectFlip.Converter.Test.PdfConverterTest, ProjectFlip.Converter.Test, Version=1.0.0.0, Culture=neutral, PublicKeyToken=null" name="TestRequirementsNotOkTestInvalidFromPath" />
    </UnitTest>
    <UnitTest name="CanExecuteTest" storage="d:\flip_svn.elmermx.ch\code\trunk\projectflip\projectflip.userinterface.surface.test\bin\debug\projectflip.userinterface.surface.test.dll" id="35760864-7f42-028c-e8ab-3d329a78ea8a">
      <Execution id="1ea51085-9878-483d-a14c-658a0c5c7891" />
      <TestMethod codeBase="D:/flip_svn.elmermx.ch/code/trunk/ProjectFlip/ProjectFlip.UserInterface.Surface.Test/bin/Debug/ProjectFlip.UserInterface.Surface.Test.DLL" adapterTypeName="Microsoft.VisualStudio.TestTools.TestTypes.Unit.UnitTestAdapter, Microsoft.VisualStudio.QualityTools.Tips.UnitTest.Adapter, Version=10.0.0.0, Culture=neutral, PublicKeyToken=b03f5f7f11d50a3a" className="ProjectFlip.UserInterface.Surface.Test.CommandTest, ProjectFlip.UserInterface.Surface.Test, Version=1.0.0.0, Culture=neutral, PublicKeyToken=null" name="CanExecuteTest" />
    </UnitTest>
    <UnitTest name="RaiseCanExecuteChangedTest" storage="d:\flip_svn.elmermx.ch\code\trunk\projectflip\projectflip.userinterface.surface.test\bin\debug\projectflip.userinterface.surface.test.dll" id="9e6c47bf-3d0e-a9d0-c9f9-4c2e57c52f48">
      <Execution id="8fd2d206-5d84-4bdd-b433-53ab0378e23e" />
      <TestMethod codeBase="D:/flip_svn.elmermx.ch/code/trunk/ProjectFlip/ProjectFlip.UserInterface.Surface.Test/bin/Debug/ProjectFlip.UserInterface.Surface.Test.DLL" adapterTypeName="Microsoft.VisualStudio.TestTools.TestTypes.Unit.UnitTestAdapter, Microsoft.VisualStudio.QualityTools.Tips.UnitTest.Adapter, Version=10.0.0.0, Culture=neutral, PublicKeyToken=b03f5f7f11d50a3a" className="ProjectFlip.UserInterface.Surface.Test.CommandTest, ProjectFlip.UserInterface.Surface.Test, Version=1.0.0.0, Culture=neutral, PublicKeyToken=null" name="RaiseCanExecuteChangedTest" />
    </UnitTest>
    <UnitTest name="NavigateToRightCommandTest" storage="d:\flip_svn.elmermx.ch\code\trunk\projectflip\projectflip.userinterface.surface.test\bin\debug\projectflip.userinterface.surface.test.dll" id="0984f7e2-a899-0f3f-2ef2-af2cc6cba191">
      <DeploymentItems>
        <DeploymentItem filename="ProjectFlip.UserInterface.Surface.dll" />
      </DeploymentItems>
      <Execution id="70240149-cd2a-472a-a69d-e932c7f8e761" />
      <TestMethod codeBase="D:/flip_svn.elmermx.ch/code/trunk/ProjectFlip/ProjectFlip.UserInterface.Surface.Test/bin/Debug/ProjectFlip.UserInterface.Surface.Test.DLL" adapterTypeName="Microsoft.VisualStudio.TestTools.TestTypes.Unit.UnitTestAdapter, Microsoft.VisualStudio.QualityTools.Tips.UnitTest.Adapter, Version=10.0.0.0, Culture=neutral, PublicKeyToken=b03f5f7f11d50a3a" className="ProjectFlip.UserInterface.Surface.Test.DetailWindowViewModelTest, ProjectFlip.UserInterface.Surface.Test, Version=1.0.0.0, Culture=neutral, PublicKeyToken=null" name="NavigateToRightCommandTest" />
    </UnitTest>
    <UnitTest name="OpenNewWindowTest1" storage="d:\flip_svn.elmermx.ch\code\trunk\projectflip\projectflip.userinterface.surface.test\bin\debug\projectflip.userinterface.surface.test.dll" id="ebb56ab5-42d5-71fc-9442-26dde5656280">
      <DeploymentItems>
        <DeploymentItem filename="ProjectFlip.UserInterface.Surface.dll" />
      </DeploymentItems>
      <Execution id="78c62164-6a70-4d54-9b73-5761d85af497" />
      <TestMethod codeBase="D:/flip_svn.elmermx.ch/code/trunk/ProjectFlip/ProjectFlip.UserInterface.Surface.Test/bin/Debug/ProjectFlip.UserInterface.Surface.Test.DLL" adapterTypeName="Microsoft.VisualStudio.TestTools.TestTypes.Unit.UnitTestAdapter, Microsoft.VisualStudio.QualityTools.Tips.UnitTest.Adapter, Version=10.0.0.0, Culture=neutral, PublicKeyToken=b03f5f7f11d50a3a" className="ProjectFlip.UserInterface.Surface.Test.ProjectNoteViewModelTest, ProjectFlip.UserInterface.Surface.Test, Version=1.0.0.0, Culture=neutral, PublicKeyToken=null" name="OpenNewWindowTest1" />
    </UnitTest>
    <UnitTest name="ExecuteTest" storage="d:\flip_svn.elmermx.ch\code\trunk\projectflip\projectflip.userinterface.surface.test\bin\debug\projectflip.userinterface.surface.test.dll" id="b00c47e7-bd09-6e9a-18fa-7dfff3c9ced9">
      <Execution id="9905318b-503a-41f2-a118-a6554c6b8afc" />
      <TestMethod codeBase="D:/flip_svn.elmermx.ch/code/trunk/ProjectFlip/ProjectFlip.UserInterface.Surface.Test/bin/Debug/ProjectFlip.UserInterface.Surface.Test.DLL" adapterTypeName="Microsoft.VisualStudio.TestTools.TestTypes.Unit.UnitTestAdapter, Microsoft.VisualStudio.QualityTools.Tips.UnitTest.Adapter, Version=10.0.0.0, Culture=neutral, PublicKeyToken=b03f5f7f11d50a3a" className="ProjectFlip.UserInterface.Surface.Test.CommandTest, ProjectFlip.UserInterface.Surface.Test, Version=1.0.0.0, Culture=neutral, PublicKeyToken=null" name="ExecuteTest" />
    </UnitTest>
    <UnitTest name="NavigateToLeftCommandTest" storage="d:\flip_svn.elmermx.ch\code\trunk\projectflip\projectflip.userinterface.surface.test\bin\debug\projectflip.userinterface.surface.test.dll" id="f70dd1f6-6760-5f44-284d-54f56d6d7673">
      <DeploymentItems>
        <DeploymentItem filename="ProjectFlip.UserInterface.Surface.dll" />
      </DeploymentItems>
      <Execution id="a8039593-f3aa-46e7-98c8-064fd980b790" />
      <TestMethod codeBase="D:/flip_svn.elmermx.ch/code/trunk/ProjectFlip/ProjectFlip.UserInterface.Surface.Test/bin/Debug/ProjectFlip.UserInterface.Surface.Test.DLL" adapterTypeName="Microsoft.VisualStudio.TestTools.TestTypes.Unit.UnitTestAdapter, Microsoft.VisualStudio.QualityTools.Tips.UnitTest.Adapter, Version=10.0.0.0, Culture=neutral, PublicKeyToken=b03f5f7f11d50a3a" className="ProjectFlip.UserInterface.Surface.Test.DetailWindowViewModelTest, ProjectFlip.UserInterface.Surface.Test, Version=1.0.0.0, Culture=neutral, PublicKeyToken=null" name="NavigateToLeftCommandTest" />
    </UnitTest>
    <UnitTest name="LineTest" storage="d:\flip_svn.elmermx.ch\code\trunk\projectflip\projectflip.services.test\bin\debug\projectflip.services.test.dll" id="16a754d1-abe1-b7cb-6692-10287c0de9e8">
      <Execution id="56cec4ee-7c65-4d29-863b-f2aaa70112d3" />
      <TestMethod codeBase="D:/flip_svn.elmermx.ch/code/trunk/ProjectFlip/ProjectFlip.Services.Test/bin/Debug/ProjectFlip.Services.Test.DLL" adapterTypeName="Microsoft.VisualStudio.TestTools.TestTypes.Unit.UnitTestAdapter, Microsoft.VisualStudio.QualityTools.Tips.UnitTest.Adapter, Version=10.0.0.0, Culture=neutral, PublicKeyToken=b03f5f7f11d50a3a" className="ProjectFlip.Services.Test.ProjectNoteTest, ProjectFlip.Services.Test, Version=1.0.0.0, Culture=neutral, PublicKeyToken=null" name="LineTest" />
    </UnitTest>
    <UnitTest name="DocumentTest" storage="d:\flip_svn.elmermx.ch\code\trunk\projectflip\projectflip.services.test\bin\debug\projectflip.services.test.dll" id="ed30b4e0-dba3-8e7f-0ab5-fcc96c1c7e5e">
      <Execution id="27e728c7-19b6-495f-ae05-502b32776f70" />
      <TestMethod codeBase="D:/flip_svn.elmermx.ch/code/trunk/ProjectFlip/ProjectFlip.Services.Test/bin/Debug/ProjectFlip.Services.Test.DLL" adapterTypeName="Microsoft.VisualStudio.TestTools.TestTypes.Unit.UnitTestAdapter, Microsoft.VisualStudio.QualityTools.Tips.UnitTest.Adapter, Version=10.0.0.0, Culture=neutral, PublicKeyToken=b03f5f7f11d50a3a" className="ProjectFlip.Services.Test.ProjectNoteTest, ProjectFlip.Services.Test, Version=1.0.0.0, Culture=neutral, PublicKeyToken=null" name="DocumentTest" />
    </UnitTest>
    <UnitTest name="ConvertTest" storage="d:\flip_svn.elmermx.ch\code\trunk\projectflip\projectflip.converter.test\bin\debug\projectflip.converter.test.dll" id="8c85b860-6c45-6157-2e8f-677947c1314f">
      <Execution id="25b1ba15-4a4d-4279-835d-6bb82a33b284" />
      <TestMethod codeBase="D:/flip_svn.elmermx.ch/code/trunk/ProjectFlip/ProjectFlip.Converter.Test/bin/Debug/ProjectFlip.Converter.Test.DLL" adapterTypeName="Microsoft.VisualStudio.TestTools.TestTypes.Unit.UnitTestAdapter, Microsoft.VisualStudio.QualityTools.Tips.UnitTest.Adapter, Version=10.0.0.0, Culture=neutral, PublicKeyToken=b03f5f7f11d50a3a" className="ProjectFlip.Converter.Test.PdfConverterTest, ProjectFlip.Converter.Test, Version=1.0.0.0, Culture=neutral, PublicKeyToken=null" name="ConvertTest" />
    </UnitTest>
    <UnitTest name="CloseWindowCommandTest" storage="d:\flip_svn.elmermx.ch\code\trunk\projectflip\projectflip.userinterface.surface.test\bin\debug\projectflip.userinterface.surface.test.dll" id="732d081c-f62f-6883-0122-cfe94d5d278d">
      <DeploymentItems>
        <DeploymentItem filename="ProjectFlip.UserInterface.Surface.dll" />
      </DeploymentItems>
      <Execution id="2a7c50f4-8f39-4bf7-b955-8c6bb0245bf9" />
      <TestMethod codeBase="D:/flip_svn.elmermx.ch/code/trunk/ProjectFlip/ProjectFlip.UserInterface.Surface.Test/bin/Debug/ProjectFlip.UserInterface.Surface.Test.DLL" adapterTypeName="Microsoft.VisualStudio.TestTools.TestTypes.Unit.UnitTestAdapter, Microsoft.VisualStudio.QualityTools.Tips.UnitTest.Adapter, Version=10.0.0.0, Culture=neutral, PublicKeyToken=b03f5f7f11d50a3a" className="ProjectFlip.UserInterface.Surface.Test.DetailWindowViewModelTest, ProjectFlip.UserInterface.Surface.Test, Version=1.0.0.0, Culture=neutral, PublicKeyToken=null" name="CloseWindowCommandTest" />
    </UnitTest>
    <UnitTest name="ExtractImageTest" storage="d:\flip_svn.elmermx.ch\code\trunk\projectflip\projectflip.preparer.test\bin\debug\projectflip.preparer.test.dll" id="a04b1365-3a46-4a28-167b-1bc7531188c1">
      <DeploymentItems>
        <DeploymentItem filename="ProjectFlip.Preparer.exe" />
      </DeploymentItems>
      <Execution id="e309dab5-d2a5-49af-8c13-477139605f4f" />
      <TestMethod codeBase="D:/flip_svn.elmermx.ch/code/trunk/ProjectFlip/ProjectFlip.Preparer.Test/bin/Debug/ProjectFlip.Preparer.Test.DLL" adapterTypeName="Microsoft.VisualStudio.TestTools.TestTypes.Unit.UnitTestAdapter, Microsoft.VisualStudio.QualityTools.Tips.UnitTest.Adapter, Version=10.0.0.0, Culture=neutral, PublicKeyToken=b03f5f7f11d50a3a" className="ProjectFlip.Preparer.Test.ImageExtractorProcessorTest, ProjectFlip.Preparer.Test, Version=1.0.0.0, Culture=neutral, PublicKeyToken=null" name="ExtractImageTest" />
    </UnitTest>
    <UnitTest name="ImportTest" storage="d:\flip_svn.elmermx.ch\code\trunk\projectflip\projectflip.services.loader.test\bin\debug\projectflip.services.loader.test.dll" id="66d8e483-98ef-7f5c-f82e-282eb285173f">
      <Execution id="9c3abf98-d755-43d9-ac9d-20a6b4d053b5" />
      <TestMethod codeBase="D:/flip_svn.elmermx.ch/code/trunk/ProjectFlip/ProjectFlip.Services.Loader.Test/bin/Debug/ProjectFlip.Services.Loader.Test.DLL" adapterTypeName="Microsoft.VisualStudio.TestTools.TestTypes.Unit.UnitTestAdapter, Microsoft.VisualStudio.QualityTools.Tips.UnitTest.Adapter, Version=10.0.0.0, Culture=neutral, PublicKeyToken=b03f5f7f11d50a3a" className="ProjectFlip.Services.Loader.Test.ProjectNotesLoaderTest, ProjectFlip.Services.Loader.Test, Version=1.0.0.0, Culture=neutral, PublicKeyToken=null" name="ImportTest" />
    </UnitTest>
    <UnitTest name="ImageTest" storage="d:\flip_svn.elmermx.ch\code\trunk\projectflip\projectflip.services.test\bin\debug\projectflip.services.test.dll" id="9f8b89bf-40a2-8d94-74ce-30418e6a0f3b">
      <Execution id="b1e1f4d4-2979-4b83-8b2d-ad0b35a9b1c3" />
      <TestMethod codeBase="D:/flip_svn.elmermx.ch/code/trunk/ProjectFlip/ProjectFlip.Services.Test/bin/Debug/ProjectFlip.Services.Test.DLL" adapterTypeName="Microsoft.VisualStudio.TestTools.TestTypes.Unit.UnitTestAdapter, Microsoft.VisualStudio.QualityTools.Tips.UnitTest.Adapter, Version=10.0.0.0, Culture=neutral, PublicKeyToken=b03f5f7f11d50a3a" className="ProjectFlip.Services.Test.ProjectNoteTest, ProjectFlip.Services.Test, Version=1.0.0.0, Culture=neutral, PublicKeyToken=null" name="ImageTest" />
    </UnitTest>
    <UnitTest name="TestRequirementsNotOkTestInvalidToPath" storage="d:\flip_svn.elmermx.ch\code\trunk\projectflip\projectflip.converter.test\bin\debug\projectflip.converter.test.dll" id="954ed5ba-afba-a3e7-b72f-46f96822c0d6">
      <DeploymentItems>
        <DeploymentItem filename="ProjectFlip.Converter.Pdf.exe" />
      </DeploymentItems>
      <Execution id="7ebb5170-328a-4142-afba-ee299e361d2b" />
      <TestMethod codeBase="D:/flip_svn.elmermx.ch/code/trunk/ProjectFlip/ProjectFlip.Converter.Test/bin/Debug/ProjectFlip.Converter.Test.DLL" adapterTypeName="Microsoft.VisualStudio.TestTools.TestTypes.Unit.UnitTestAdapter, Microsoft.VisualStudio.QualityTools.Tips.UnitTest.Adapter, Version=10.0.0.0, Culture=neutral, PublicKeyToken=b03f5f7f11d50a3a" className="ProjectFlip.Converter.Test.PdfConverterTest, ProjectFlip.Converter.Test, Version=1.0.0.0, Culture=neutral, PublicKeyToken=null" name="TestRequirementsNotOkTestInvalidToPath" />
    </UnitTest>
    <UnitTest name="TestRequirementsOk" storage="d:\flip_svn.elmermx.ch\code\trunk\projectflip\projectflip.converter.test\bin\debug\projectflip.converter.test.dll" id="bb5e44a5-ced0-bd0b-9376-d7595ad99cae">
      <DeploymentItems>
        <DeploymentItem filename="ProjectFlip.Converter.Pdf.exe" />
      </DeploymentItems>
      <Execution id="dd0cefb0-9ffb-4163-b0f7-d435ceeae3f2" />
      <TestMethod codeBase="D:/flip_svn.elmermx.ch/code/trunk/ProjectFlip/ProjectFlip.Converter.Test/bin/Debug/ProjectFlip.Converter.Test.DLL" adapterTypeName="Microsoft.VisualStudio.TestTools.TestTypes.Unit.UnitTestAdapter, Microsoft.VisualStudio.QualityTools.Tips.UnitTest.Adapter, Version=10.0.0.0, Culture=neutral, PublicKeyToken=b03f5f7f11d50a3a" className="ProjectFlip.Converter.Test.PdfConverterTest, ProjectFlip.Converter.Test, Version=1.0.0.0, Culture=neutral, PublicKeyToken=null" name="TestRequirementsOk" />
    </UnitTest>
    <UnitTest name="OverviewWindowViewModelProjectNotesTest" storage="d:\flip_svn.elmermx.ch\code\trunk\projectflip\projectflip.userinterface.surface.test\bin\debug\projectflip.userinterface.surface.test.dll" id="96c1f950-7ba2-0f26-3c1e-e3d2807e5697">
      <Execution id="4e67c94c-c2bb-4440-a1a6-31a5a49f05ae" />
      <TestMethod codeBase="D:/flip_svn.elmermx.ch/code/trunk/ProjectFlip/ProjectFlip.UserInterface.Surface.Test/bin/Debug/ProjectFlip.UserInterface.Surface.Test.DLL" adapterTypeName="Microsoft.VisualStudio.TestTools.TestTypes.Unit.UnitTestAdapter, Microsoft.VisualStudio.QualityTools.Tips.UnitTest.Adapter, Version=10.0.0.0, Culture=neutral, PublicKeyToken=b03f5f7f11d50a3a" className="ProjectFlip.UserInterface.Surface.Test.OverviewWindowViewModelTest, ProjectFlip.UserInterface.Surface.Test, Version=1.0.0.0, Culture=neutral, PublicKeyToken=null" name="OverviewWindowViewModelProjectNotesTest" />
    </UnitTest>
  </TestDefinitions>
  <TestLists>
    <TestList name="Results Not in a List" id="8c84fa94-04c1-424b-9868-57a2d4851a1d" />
    <TestList name="All Loaded Results" id="19431567-8539-422a-85d7-44ee4e166bda" />
  </TestLists>
  <TestEntries>
    <TestEntry testId="0984f7e2-a899-0f3f-2ef2-af2cc6cba191" executionId="70240149-cd2a-472a-a69d-e932c7f8e761" testListId="8c84fa94-04c1-424b-9868-57a2d4851a1d" />
    <TestEntry testId="12eea167-bdcb-027e-275b-aa502bc934ed" executionId="6ec01198-0804-41b3-8195-0b7bfdf5d3ad" testListId="8c84fa94-04c1-424b-9868-57a2d4851a1d" />
    <TestEntry testId="16a754d1-abe1-b7cb-6692-10287c0de9e8" executionId="56cec4ee-7c65-4d29-863b-f2aaa70112d3" testListId="8c84fa94-04c1-424b-9868-57a2d4851a1d" />
    <TestEntry testId="2e6f33b3-86bf-0f99-bf5a-d8b601872b37" executionId="e8cbeb83-e460-403a-b9e8-fa52a91ef9fa" testListId="8c84fa94-04c1-424b-9868-57a2d4851a1d" />
    <TestEntry testId="35760864-7f42-028c-e8ab-3d329a78ea8a" executionId="1ea51085-9878-483d-a14c-658a0c5c7891" testListId="8c84fa94-04c1-424b-9868-57a2d4851a1d" />
    <TestEntry testId="44822a49-3d3a-3cd9-6a83-bfb87b866eb6" executionId="c8e529e7-1ce0-402d-bea2-3bd18b1b5e1e" testListId="8c84fa94-04c1-424b-9868-57a2d4851a1d" />
    <TestEntry testId="5484f47c-5cb6-3432-23b4-9fe66b5390c1" executionId="ec3f9dcc-80d7-4930-b96d-2dc544bf71dd" testListId="8c84fa94-04c1-424b-9868-57a2d4851a1d" />
    <TestEntry testId="66d8e483-98ef-7f5c-f82e-282eb285173f" executionId="9c3abf98-d755-43d9-ac9d-20a6b4d053b5" testListId="8c84fa94-04c1-424b-9868-57a2d4851a1d" />
    <TestEntry testId="732d081c-f62f-6883-0122-cfe94d5d278d" executionId="2a7c50f4-8f39-4bf7-b955-8c6bb0245bf9" testListId="8c84fa94-04c1-424b-9868-57a2d4851a1d" />
    <TestEntry testId="8c85b860-6c45-6157-2e8f-677947c1314f" executionId="25b1ba15-4a4d-4279-835d-6bb82a33b284" testListId="8c84fa94-04c1-424b-9868-57a2d4851a1d" />
    <TestEntry testId="954ed5ba-afba-a3e7-b72f-46f96822c0d6" executionId="7ebb5170-328a-4142-afba-ee299e361d2b" testListId="8c84fa94-04c1-424b-9868-57a2d4851a1d" />
    <TestEntry testId="96c1f950-7ba2-0f26-3c1e-e3d2807e5697" executionId="4e67c94c-c2bb-4440-a1a6-31a5a49f05ae" testListId="8c84fa94-04c1-424b-9868-57a2d4851a1d" />
    <TestEntry testId="9e6c47bf-3d0e-a9d0-c9f9-4c2e57c52f48" executionId="8fd2d206-5d84-4bdd-b433-53ab0378e23e" testListId="8c84fa94-04c1-424b-9868-57a2d4851a1d" />
    <TestEntry testId="9f8b89bf-40a2-8d94-74ce-30418e6a0f3b" executionId="b1e1f4d4-2979-4b83-8b2d-ad0b35a9b1c3" testListId="8c84fa94-04c1-424b-9868-57a2d4851a1d" />
    <TestEntry testId="a04b1365-3a46-4a28-167b-1bc7531188c1" executionId="e309dab5-d2a5-49af-8c13-477139605f4f" testListId="8c84fa94-04c1-424b-9868-57a2d4851a1d" />
    <TestEntry testId="b00c47e7-bd09-6e9a-18fa-7dfff3c9ced9" executionId="9905318b-503a-41f2-a118-a6554c6b8afc" testListId="8c84fa94-04c1-424b-9868-57a2d4851a1d" />
    <TestEntry testId="bb5e44a5-ced0-bd0b-9376-d7595ad99cae" executionId="dd0cefb0-9ffb-4163-b0f7-d435ceeae3f2" testListId="8c84fa94-04c1-424b-9868-57a2d4851a1d" />
    <TestEntry testId="bccb58cc-1cce-162f-54b4-53ddafd79ee2" executionId="6e6e280a-d13c-4d55-89da-640c405bd77e" testListId="8c84fa94-04c1-424b-9868-57a2d4851a1d" />
    <TestEntry testId="ebb56ab5-42d5-71fc-9442-26dde5656280" executionId="78c62164-6a70-4d54-9b73-5761d85af497" testListId="8c84fa94-04c1-424b-9868-57a2d4851a1d" />
    <TestEntry testId="ed30b4e0-dba3-8e7f-0ab5-fcc96c1c7e5e" executionId="27e728c7-19b6-495f-ae05-502b32776f70" testListId="8c84fa94-04c1-424b-9868-57a2d4851a1d" />
    <TestEntry testId="f112c2dd-d63c-72f1-61e9-20d239433f46" executionId="4e1e4d6d-225e-405d-adfd-7bebf692bdcd" testListId="8c84fa94-04c1-424b-9868-57a2d4851a1d" />
    <TestEntry testId="f469cd76-e2f7-4429-bdf6-0adef327876a" executionId="d74d6a51-e0e5-4fab-9abd-65621097b506" testListId="8c84fa94-04c1-424b-9868-57a2d4851a1d" />
    <TestEntry testId="f70dd1f6-6760-5f44-284d-54f56d6d7673" executionId="a8039593-f3aa-46e7-98c8-064fd980b790" testListId="8c84fa94-04c1-424b-9868-57a2d4851a1d" />
  </TestEntries>
  <Results>
    <UnitTestResult executionId="70240149-cd2a-472a-a69d-e932c7f8e761" testId="0984f7e2-a899-0f3f-2ef2-af2cc6cba191" testName="NavigateToRightCommandTest" computerName="PIN1262035" duration="00:00:00.0266638" startTime="2011-10-31T14:46:34.1013697+01:00" endTime="2011-10-31T14:46:34.3234363+01:00" testType="13cdc9d9-ddb5-4fa4-a97d-d965ccfc6d4b" outcome="Passed" testListId="8c84fa94-04c1-424b-9868-57a2d4851a1d" relativeResultsDirectory="70240149-cd2a-472a-a69d-e932c7f8e761">
    </UnitTestResult>
    <UnitTestResult executionId="6ec01198-0804-41b3-8195-0b7bfdf5d3ad" testId="12eea167-bdcb-027e-275b-aa502bc934ed" testName="ConvertTestWithBadRequirements" computerName="PIN1262035" duration="00:00:00.0156474" startTime="2011-10-31T14:46:34.3254369+01:00" endTime="2011-10-31T14:46:34.5284978+01:00" testType="13cdc9d9-ddb5-4fa4-a97d-d965ccfc6d4b" outcome="Passed" testListId="8c84fa94-04c1-424b-9868-57a2d4851a1d" relativeResultsDirectory="6ec01198-0804-41b3-8195-0b7bfdf5d3ad">
      <Output>
        <StdOut>Input PDF not found</StdOut>
      </Output>
    </UnitTestResult>
    <UnitTestResult executionId="56cec4ee-7c65-4d29-863b-f2aaa70112d3" testId="16a754d1-abe1-b7cb-6692-10287c0de9e8" testName="LineTest" computerName="PIN1262035" duration="00:00:00.0412064" startTime="2011-10-31T14:46:34.5314987+01:00" endTime="2011-10-31T14:46:34.7615677+01:00" testType="13cdc9d9-ddb5-4fa4-a97d-d965ccfc6d4b" outcome="Passed" testListId="8c84fa94-04c1-424b-9868-57a2d4851a1d" relativeResultsDirectory="56cec4ee-7c65-4d29-863b-f2aaa70112d3">
    </UnitTestResult>
    <UnitTestResult executionId="e8cbeb83-e460-403a-b9e8-fa52a91ef9fa" testId="2e6f33b3-86bf-0f99-bf5a-d8b601872b37" testName="TestRequirementsNotOkTestMissingAdobeReader" computerName="PIN1262035" duration="00:00:00.0037899" startTime="2011-10-31T14:46:34.7645686+01:00" endTime="2011-10-31T14:46:34.7715707+01:00" testType="13cdc9d9-ddb5-4fa4-a97d-d965ccfc6d4b" outcome="Passed" testListId="8c84fa94-04c1-424b-9868-57a2d4851a1d" relativeResultsDirectory="e8cbeb83-e460-403a-b9e8-fa52a91ef9fa">
      <Output>
        <StdOut>PDF Reader (AcroRd32.exe) not found.</StdOut>
      </Output>
    </UnitTestResult>
    <UnitTestResult executionId="1ea51085-9878-483d-a14c-658a0c5c7891" testId="35760864-7f42-028c-e8ab-3d329a78ea8a" testName="CanExecuteTest" computerName="PIN1262035" duration="00:00:00.0007029" startTime="2011-10-31T14:46:34.7745716+01:00" endTime="2011-10-31T14:46:34.7785728+01:00" testType="13cdc9d9-ddb5-4fa4-a97d-d965ccfc6d4b" outcome="Passed" testListId="8c84fa94-04c1-424b-9868-57a2d4851a1d" relativeResultsDirectory="1ea51085-9878-483d-a14c-658a0c5c7891">
    </UnitTestResult>
    <UnitTestResult executionId="c8e529e7-1ce0-402d-bea2-3bd18b1b5e1e" testId="44822a49-3d3a-3cd9-6a83-bfb87b866eb6" testName="NotifyTest" computerName="PIN1262035" duration="00:00:00.0029541" startTime="2011-10-31T14:46:34.7815737+01:00" endTime="2011-10-31T14:46:34.7875755+01:00" testType="13cdc9d9-ddb5-4fa4-a97d-d965ccfc6d4b" outcome="Passed" testListId="8c84fa94-04c1-424b-9868-57a2d4851a1d" relativeResultsDirectory="c8e529e7-1ce0-402d-bea2-3bd18b1b5e1e">
    </UnitTestResult>
    <UnitTestResult executionId="ec3f9dcc-80d7-4930-b96d-2dc544bf71dd" testId="5484f47c-5cb6-3432-23b4-9fe66b5390c1" testName="TestRequirementsNotOkTestInvalidFromPath" computerName="PIN1262035" duration="00:00:00.0006282" startTime="2011-10-31T14:46:34.7905764+01:00" endTime="2011-10-31T14:46:34.7935773+01:00" testType="13cdc9d9-ddb5-4fa4-a97d-d965ccfc6d4b" outcome="Passed" testListId="8c84fa94-04c1-424b-9868-57a2d4851a1d" relativeResultsDirectory="ec3f9dcc-80d7-4930-b96d-2dc544bf71dd">
      <Output>
        <StdOut>Input PDF not found</StdOut>
      </Output>
    </UnitTestResult>
    <UnitTestResult executionId="9c3abf98-d755-43d9-ac9d-20a6b4d053b5" testId="66d8e483-98ef-7f5c-f82e-282eb285173f" testName="ImportTest" computerName="PIN1262035" duration="00:00:00.0191575" startTime="2011-10-31T14:46:34.7965782+01:00" endTime="2011-10-31T14:46:34.9926370+01:00" testType="13cdc9d9-ddb5-4fa4-a97d-d965ccfc6d4b" outcome="Passed" testListId="8c84fa94-04c1-424b-9868-57a2d4851a1d" relativeResultsDirectory="9c3abf98-d755-43d9-ac9d-20a6b4d053b5">
    </UnitTestResult>
    <UnitTestResult executionId="2a7c50f4-8f39-4bf7-b955-8c6bb0245bf9" testId="732d081c-f62f-6883-0122-cfe94d5d278d" testName="CloseWindowCommandTest" computerName="PIN1262035" duration="00:00:00.0009931" startTime="2011-10-31T14:46:34.9956379+01:00" endTime="2011-10-31T14:46:35.0006394+01:00" testType="13cdc9d9-ddb5-4fa4-a97d-d965ccfc6d4b" outcome="Passed" testListId="8c84fa94-04c1-424b-9868-57a2d4851a1d" relativeResultsDirectory="2a7c50f4-8f39-4bf7-b955-8c6bb0245bf9">
    </UnitTestResult>
    <UnitTestResult executionId="25b1ba15-4a4d-4279-835d-6bb82a33b284" testId="8c85b860-6c45-6157-2e8f-677947c1314f" testName="ConvertTest" computerName="PIN1262035" duration="00:00:04.0123652" startTime="2011-10-31T14:46:35.0026400+01:00" endTime="2011-10-31T14:46:39.0195977+01:00" testType="13cdc9d9-ddb5-4fa4-a97d-d965ccfc6d4b" outcome="Passed" testListId="8c84fa94-04c1-424b-9868-57a2d4851a1d" relativeResultsDirectory="25b1ba15-4a4d-4279-835d-6bb82a33b284">
      <Output>
        <StdOut>Executing 'C:\Program Files (x86)\Adobe\Reader 10.0\Reader\AcroRd32.exe /N /T ..\..\..\Resources\Test\Pdf\test.pdf "Microsoft XPS Document Writer" /t "..\..\..\Resources\Test\Xps\temp.xps"
XPS could not be generated: Timeout!</StdOut>
      </Output>
    </UnitTestResult>
    <UnitTestResult executionId="7ebb5170-328a-4142-afba-ee299e361d2b" testId="954ed5ba-afba-a3e7-b72f-46f96822c0d6" testName="TestRequirementsNotOkTestInvalidToPath" computerName="PIN1262035" duration="00:00:00.0008469" startTime="2011-10-31T14:46:39.0235989+01:00" endTime="2011-10-31T14:46:39.0286004+01:00" testType="13cdc9d9-ddb5-4fa4-a97d-d965ccfc6d4b" outcome="Passed" testListId="8c84fa94-04c1-424b-9868-57a2d4851a1d" relativeResultsDirectory="7ebb5170-328a-4142-afba-ee299e361d2b">
      <Output>
        <StdOut>Destination file already exists</StdOut>
      </Output>
    </UnitTestResult>
    <UnitTestResult executionId="4e67c94c-c2bb-4440-a1a6-31a5a49f05ae" testId="96c1f950-7ba2-0f26-3c1e-e3d2807e5697" testName="OverviewWindowViewModelProjectNotesTest" computerName="PIN1262035" duration="00:00:00.0003341" startTime="2011-10-31T14:46:39.0316013+01:00" endTime="2011-10-31T14:46:39.0346022+01:00" testType="13cdc9d9-ddb5-4fa4-a97d-d965ccfc6d4b" outcome="Passed" testListId="8c84fa94-04c1-424b-9868-57a2d4851a1d" relativeResultsDirectory="4e67c94c-c2bb-4440-a1a6-31a5a49f05ae">
    </UnitTestResult>
    <UnitTestResult executionId="8fd2d206-5d84-4bdd-b433-53ab0378e23e" testId="9e6c47bf-3d0e-a9d0-c9f9-4c2e57c52f48" testName="RaiseCanExecuteChangedTest" computerName="PIN1262035" duration="00:00:00.0005782" startTime="2011-10-31T14:46:39.0376031+01:00" endTime="2011-10-31T14:46:39.0416043+01:00" testType="13cdc9d9-ddb5-4fa4-a97d-d965ccfc6d4b" outcome="Passed" testListId="8c84fa94-04c1-424b-9868-57a2d4851a1d" relativeResultsDirectory="8fd2d206-5d84-4bdd-b433-53ab0378e23e">
    </UnitTestResult>
    <UnitTestResult executionId="b1e1f4d4-2979-4b83-8b2d-ad0b35a9b1c3" testId="9f8b89bf-40a2-8d94-74ce-30418e6a0f3b" testName="ImageTest" computerName="PIN1262035" duration="00:00:00.0077403" startTime="2011-10-31T14:46:39.0446052+01:00" endTime="2011-10-31T14:46:39.0556085+01:00" testType="13cdc9d9-ddb5-4fa4-a97d-d965ccfc6d4b" outcome="Passed" testListId="8c84fa94-04c1-424b-9868-57a2d4851a1d" relativeResultsDirectory="b1e1f4d4-2979-4b83-8b2d-ad0b35a9b1c3">
    </UnitTestResult>
    <UnitTestResult executionId="e309dab5-d2a5-49af-8c13-477139605f4f" testId="a04b1365-3a46-4a28-167b-1bc7531188c1" testName="ExtractImageTest" computerName="PIN1262035" duration="00:00:00.6072280" startTime="2011-10-31T14:46:39.0606100+01:00" endTime="2011-10-31T14:46:39.8538447+01:00" testType="13cdc9d9-ddb5-4fa4-a97d-d965ccfc6d4b" outcome="Passed" testListId="8c84fa94-04c1-424b-9868-57a2d4851a1d" relativeResultsDirectory="e309dab5-d2a5-49af-8c13-477139605f4f">
    </UnitTestResult>
    <UnitTestResult executionId="9905318b-503a-41f2-a118-a6554c6b8afc" testId="b00c47e7-bd09-6e9a-18fa-7dfff3c9ced9" testName="ExecuteTest" computerName="PIN1262035" duration="00:00:00.0003487" startTime="2011-10-31T14:46:39.8568456+01:00" endTime="2011-10-31T14:46:39.8608468+01:00" testType="13cdc9d9-ddb5-4fa4-a97d-d965ccfc6d4b" outcome="Passed" testListId="8c84fa94-04c1-424b-9868-57a2d4851a1d" relativeResultsDirectory="9905318b-503a-41f2-a118-a6554c6b8afc">
    </UnitTestResult>
    <UnitTestResult executionId="dd0cefb0-9ffb-4163-b0f7-d435ceeae3f2" testId="bb5e44a5-ced0-bd0b-9376-d7595ad99cae" testName="TestRequirementsOk" computerName="PIN1262035" duration="00:00:00.0006833" startTime="2011-10-31T14:46:39.8638477+01:00" endTime="2011-10-31T14:46:39.8678489+01:00" testType="13cdc9d9-ddb5-4fa4-a97d-d965ccfc6d4b" outcome="Passed" testListId="8c84fa94-04c1-424b-9868-57a2d4851a1d" relativeResultsDirectory="dd0cefb0-9ffb-4163-b0f7-d435ceeae3f2">
    </UnitTestResult>
    <UnitTestResult executionId="6e6e280a-d13c-4d55-89da-640c405bd77e" testId="bccb58cc-1cce-162f-54b4-53ddafd79ee2" testName="ConvertToListTest" computerName="PIN1262035" duration="00:00:00.0006109" startTime="2011-10-31T14:46:39.8708498+01:00" endTime="2011-10-31T14:46:39.8758513+01:00" testType="13cdc9d9-ddb5-4fa4-a97d-d965ccfc6d4b" outcome="Passed" testListId="8c84fa94-04c1-424b-9868-57a2d4851a1d" relativeResultsDirectory="6e6e280a-d13c-4d55-89da-640c405bd77e">
    </UnitTestResult>
    <UnitTestResult executionId="78c62164-6a70-4d54-9b73-5761d85af497" testId="ebb56ab5-42d5-71fc-9442-26dde5656280" testName="OpenNewWindowTest1" computerName="PIN1262035" duration="00:00:00.0072892" startTime="2011-10-31T14:46:39.8788522+01:00" endTime="2011-10-31T14:46:39.8888552+01:00" testType="13cdc9d9-ddb5-4fa4-a97d-d965ccfc6d4b" outcome="Inconclusive" testListId="8c84fa94-04c1-424b-9868-57a2d4851a1d" relativeResultsDirectory="78c62164-6a70-4d54-9b73-5761d85af497">
      <Output>
        <ErrorInfo>
          <Message>Assert.Inconclusive failed. TODO: Fix this: new DetailWindow(vm); throws an exception; is it possible to create no new DetailWindow in this method?</Message>
          <StackTrace>   at ProjectFlip.UserInterface.Surface.Test.ProjectNoteViewModelTest.OpenNewWindowTest1() in D:\flip_svn.elmermx.ch\code\trunk\ProjectFlip\ProjectFlip.UserInterface.Surface.Test\ProjectNoteViewModelTest.cs:line 80
</StackTrace>
        </ErrorInfo>
      </Output>
    </UnitTestResult>
    <UnitTestResult executionId="27e728c7-19b6-495f-ae05-502b32776f70" testId="ed30b4e0-dba3-8e7f-0ab5-fcc96c1c7e5e" testName="DocumentTest" computerName="PIN1262035" duration="00:00:00.2470293" startTime="2011-10-31T14:46:39.8928564+01:00" endTime="2011-10-31T14:46:40.1429314+01:00" testType="13cdc9d9-ddb5-4fa4-a97d-d965ccfc6d4b" outcome="Passed" testListId="8c84fa94-04c1-424b-9868-57a2d4851a1d" relativeResultsDirectory="27e728c7-19b6-495f-ae05-502b32776f70">
    </UnitTestResult>
    <UnitTestResult executionId="4e1e4d6d-225e-405d-adfd-7bebf692bdcd" testId="f112c2dd-d63c-72f1-61e9-20d239433f46" testName="DetailWindowViewModelConstructorTest" computerName="PIN1262035" duration="00:00:00.0008842" startTime="2011-10-31T14:46:40.1741382+01:00" endTime="2011-10-31T14:46:40.1741382+01:00" testType="13cdc9d9-ddb5-4fa4-a97d-d965ccfc6d4b" outcome="Passed" testListId="8c84fa94-04c1-424b-9868-57a2d4851a1d" relativeResultsDirectory="4e1e4d6d-225e-405d-adfd-7bebf692bdcd">
    </UnitTestResult>
    <UnitTestResult executionId="d74d6a51-e0e5-4fab-9abd-65621097b506" testId="f469cd76-e2f7-4429-bdf6-0adef327876a" testName="ProjectNotesServiceConstructorTest" computerName="PIN1262035" duration="00:00:00.0018616" startTime="2011-10-31T14:46:40.1741382+01:00" endTime="2011-10-31T14:46:40.1741382+01:00" testType="13cdc9d9-ddb5-4fa4-a97d-d965ccfc6d4b" outcome="Passed" testListId="8c84fa94-04c1-424b-9868-57a2d4851a1d" relativeResultsDirectory="d74d6a51-e0e5-4fab-9abd-65621097b506">
    </UnitTestResult>
    <UnitTestResult executionId="a8039593-f3aa-46e7-98c8-064fd980b790" testId="f70dd1f6-6760-5f44-284d-54f56d6d7673" testName="NavigateToLeftCommandTest" computerName="PIN1262035" duration="00:00:00.0009358" startTime="2011-10-31T14:46:40.1897416+01:00" endTime="2011-10-31T14:46:40.1897416+01:00" testType="13cdc9d9-ddb5-4fa4-a97d-d965ccfc6d4b" outcome="Passed" testListId="8c84fa94-04c1-424b-9868-57a2d4851a1d" relativeResultsDirectory="a8039593-f3aa-46e7-98c8-064fd980b790">
    </UnitTestResult>
  </Results>
</TestRun>